  Progarm.cpp
C:\Users\Main\Desktop\Data-Structure\Progarm\Progarm.cpp(35,10): warning C4311: '형식 캐스트': 'KEY'에서 'unsigned int'(으)로 포인터가 잘립니다.
C:\Users\Main\Desktop\Data-Structure\Progarm\Progarm.cpp(35,10): warning C4311:         with
C:\Users\Main\Desktop\Data-Structure\Progarm\Progarm.cpp(35,10): warning C4311:         [
C:\Users\Main\Desktop\Data-Structure\Progarm\Progarm.cpp(35,10): warning C4311:             KEY=const char *
C:\Users\Main\Desktop\Data-Structure\Progarm\Progarm.cpp(35,10): warning C4311:         ]
      C:\Users\Main\Desktop\Data-Structure\Progarm\Progarm.cpp(35,10):
      템플릿 인스턴스화 컨텍스트(가장 오래된 인스턴스화 컨텍스트)가
          C:\Users\Main\Desktop\Data-Structure\Progarm\Progarm.cpp(113,30):
          컴파일되는 클래스 템플릿 인스턴스화 'HashTable<const char *,int>'에 대한 참조를 확인하세요.
          C:\Users\Main\Desktop\Data-Structure\Progarm\Progarm.cpp(33,15):
          클래스 템플릿 멤버 함수 'unsigned int HashTable<const char *,int>::hash_function(KEY)'을(를) 컴파일하는 중입니다.
          with
          [
              KEY=const char *
          ]
              C:\Users\Main\Desktop\Data-Structure\Progarm\Progarm.cpp(71,17):
              'HashTable<const char *,int>::erase'에서 'HashTable<const char *,int>::hash_function'에 대한 첫 번째 참조를 확인하세요.
              C:\Users\Main\Desktop\Data-Structure\Progarm\Progarm.cpp(119,17):
              'main'에서 'HashTable<const char *,int>::erase'에 대한 첫 번째 참조를 확인하세요.
  
C:\Users\Main\Desktop\Data-Structure\Progarm\Progarm.cpp(35,10): warning C4302: '형식 캐스트': 'KEY'에서 'unsigned int'(으)로 잘립니다.
C:\Users\Main\Desktop\Data-Structure\Progarm\Progarm.cpp(35,10): warning C4302:         with
C:\Users\Main\Desktop\Data-Structure\Progarm\Progarm.cpp(35,10): warning C4302:         [
C:\Users\Main\Desktop\Data-Structure\Progarm\Progarm.cpp(35,10): warning C4302:             KEY=const char *
C:\Users\Main\Desktop\Data-Structure\Progarm\Progarm.cpp(35,10): warning C4302:         ]
  Progarm.vcxproj -> C:\Users\Main\Desktop\Data-Structure\Progarm\x64\Debug\Progarm.exe
